Archive member included to satisfy reference by file (symbol)

/Applications/STM32CubeIDE.app/Contents/Eclipse/plugins/com.st.stm32cube.ide.mcu.externaltools.gnu-tools-for-stm32.11.3.rel1.macos64_1.1.100.202310310803/tools/bin/../lib/gcc/arm-none-eabi/11.3.1/../../../../arm-none-eabi/lib/thumb/v7e-m+dp/hard/libc_nano.a(libc_a-exit.o)
                              /Applications/STM32CubeIDE.app/Contents/Eclipse/plugins/com.st.stm32cube.ide.mcu.externaltools.gnu-tools-for-stm32.11.3.rel1.macos64_1.1.100.202310310803/tools/bin/../lib/gcc/arm-none-eabi/11.3.1/../../../../arm-none-eabi/lib/thumb/v7e-m+dp/hard/crt0.o (exit)
/Applications/STM32CubeIDE.app/Contents/Eclipse/plugins/com.st.stm32cube.ide.mcu.externaltools.gnu-tools-for-stm32.11.3.rel1.macos64_1.1.100.202310310803/tools/bin/../lib/gcc/arm-none-eabi/11.3.1/../../../../arm-none-eabi/lib/thumb/v7e-m+dp/hard/libc_nano.a(libc_a-findfp.o)
                              /Applications/STM32CubeIDE.app/Contents/Eclipse/plugins/com.st.stm32cube.ide.mcu.externaltools.gnu-tools-for-stm32.11.3.rel1.macos64_1.1.100.202310310803/tools/bin/../lib/gcc/arm-none-eabi/11.3.1/../../../../arm-none-eabi/lib/thumb/v7e-m+dp/hard/libc_nano.a(libc_a-exit.o) (__stdio_exit_handler)
/Applications/STM32CubeIDE.app/Contents/Eclipse/plugins/com.st.stm32cube.ide.mcu.externaltools.gnu-tools-for-stm32.11.3.rel1.macos64_1.1.100.202310310803/tools/bin/../lib/gcc/arm-none-eabi/11.3.1/../../../../arm-none-eabi/lib/thumb/v7e-m+dp/hard/libc_nano.a(libc_a-fwalk.o)
                              /Applications/STM32CubeIDE.app/Contents/Eclipse/plugins/com.st.stm32cube.ide.mcu.externaltools.gnu-tools-for-stm32.11.3.rel1.macos64_1.1.100.202310310803/tools/bin/../lib/gcc/arm-none-eabi/11.3.1/../../../../arm-none-eabi/lib/thumb/v7e-m+dp/hard/libc_nano.a(libc_a-findfp.o) (_fwalk_sglue)
/Applications/STM32CubeIDE.app/Contents/Eclipse/plugins/com.st.stm32cube.ide.mcu.externaltools.gnu-tools-for-stm32.11.3.rel1.macos64_1.1.100.202310310803/tools/bin/../lib/gcc/arm-none-eabi/11.3.1/../../../../arm-none-eabi/lib/thumb/v7e-m+dp/hard/libc_nano.a(libc_a-memset.o)
                              /Applications/STM32CubeIDE.app/Contents/Eclipse/plugins/com.st.stm32cube.ide.mcu.externaltools.gnu-tools-for-stm32.11.3.rel1.macos64_1.1.100.202310310803/tools/bin/../lib/gcc/arm-none-eabi/11.3.1/../../../../arm-none-eabi/lib/thumb/v7e-m+dp/hard/crt0.o (memset)
/Applications/STM32CubeIDE.app/Contents/Eclipse/plugins/com.st.stm32cube.ide.mcu.externaltools.gnu-tools-for-stm32.11.3.rel1.macos64_1.1.100.202310310803/tools/bin/../lib/gcc/arm-none-eabi/11.3.1/../../../../arm-none-eabi/lib/thumb/v7e-m+dp/hard/libc_nano.a(libc_a-impure.o)
                              /Applications/STM32CubeIDE.app/Contents/Eclipse/plugins/com.st.stm32cube.ide.mcu.externaltools.gnu-tools-for-stm32.11.3.rel1.macos64_1.1.100.202310310803/tools/bin/../lib/gcc/arm-none-eabi/11.3.1/../../../../arm-none-eabi/lib/thumb/v7e-m+dp/hard/libc_nano.a(libc_a-findfp.o) (_impure_data)
/Applications/STM32CubeIDE.app/Contents/Eclipse/plugins/com.st.stm32cube.ide.mcu.externaltools.gnu-tools-for-stm32.11.3.rel1.macos64_1.1.100.202310310803/tools/bin/../lib/gcc/arm-none-eabi/11.3.1/../../../../arm-none-eabi/lib/thumb/v7e-m+dp/hard/libc_nano.a(libc_a-errno.o)
                              ./Core/Src/syscalls.o (__errno)
/Applications/STM32CubeIDE.app/Contents/Eclipse/plugins/com.st.stm32cube.ide.mcu.externaltools.gnu-tools-for-stm32.11.3.rel1.macos64_1.1.100.202310310803/tools/bin/../lib/gcc/arm-none-eabi/11.3.1/../../../../arm-none-eabi/lib/thumb/v7e-m+dp/hard/libc_nano.a(libc_a-init.o)
                              /Applications/STM32CubeIDE.app/Contents/Eclipse/plugins/com.st.stm32cube.ide.mcu.externaltools.gnu-tools-for-stm32.11.3.rel1.macos64_1.1.100.202310310803/tools/bin/../lib/gcc/arm-none-eabi/11.3.1/../../../../arm-none-eabi/lib/thumb/v7e-m+dp/hard/crt0.o (__libc_init_array)
/Applications/STM32CubeIDE.app/Contents/Eclipse/plugins/com.st.stm32cube.ide.mcu.externaltools.gnu-tools-for-stm32.11.3.rel1.macos64_1.1.100.202310310803/tools/bin/../lib/gcc/arm-none-eabi/11.3.1/../../../../arm-none-eabi/lib/thumb/v7e-m+dp/hard/libc_nano.a(libc_a-lock.o)
                              /Applications/STM32CubeIDE.app/Contents/Eclipse/plugins/com.st.stm32cube.ide.mcu.externaltools.gnu-tools-for-stm32.11.3.rel1.macos64_1.1.100.202310310803/tools/bin/../lib/gcc/arm-none-eabi/11.3.1/../../../../arm-none-eabi/lib/thumb/v7e-m+dp/hard/libc_nano.a(libc_a-findfp.o) (__retarget_lock_init_recursive)
/Applications/STM32CubeIDE.app/Contents/Eclipse/plugins/com.st.stm32cube.ide.mcu.externaltools.gnu-tools-for-stm32.11.3.rel1.macos64_1.1.100.202310310803/tools/bin/../lib/gcc/arm-none-eabi/11.3.1/../../../../arm-none-eabi/lib/thumb/v7e-m+dp/hard/libc_nano.a(libc_a-mallocr.o)
[...]
Memory Configuration

Name             Origin             Length             Attributes
FLASH            0x0000000008000000 0x0000000000200000 xr
DTCMRAM          0x0000000020000000 0x0000000000020000 xrw
RAM_D1           0x0000000024000000 0x0000000000080000 xrw
RAM_D2           0x0000000030000000 0x0000000000048000 xrw
RAM_D3           0x0000000038000000 0x0000000000010000 xrw
ITCMRAM          0x0000000000000000 0x0000000000010000 xrw
*default*        0x0000000000000000 0xffffffffffffffff

Linker script and memory map

LOAD /Applications/STM32CubeIDE.app/Contents/Eclipse/plugins/com.st.stm32cube.ide.mcu.externaltools.gnu-tools-for-stm32.11.3.rel1.macos64_1.1.100.202310310803/tools/bin/../lib/gcc/arm-none-eabi/11.3.1/thumb/v7e-m+dp/hard/crti.o
LOAD /Applications/STM32CubeIDE.app/Contents/Eclipse/plugins/com.st.stm32cube.ide.mcu.externaltools.gnu-tools-for-stm32.11.3.rel1.macos64_1.1.100.202310310803/tools/bin/../lib/gcc/arm-none-eabi/11.3.1/thumb/v7e-m+dp/hard/crtbegin.o
LOAD /Applications/STM32CubeIDE.app/Contents/Eclipse/plugins/com.st.stm32cube.ide.mcu.externaltools.gnu-tools-for-stm32.11.3.rel1.macos64_1.1.100.202310310803/tools/bin/../lib/gcc/arm-none-eabi/11.3.1/../../../../arm-none-eabi/lib/thumb/v7e-m+dp/hard/crt0.o
LOAD ./Core/Src/main.o
LOAD ./Core/Src/stm32h7xx_hal_msp.o
LOAD ./Core/Src/stm32h7xx_it.o
LOAD ./Core/Src/syscalls.o
LOAD ./Core/Src/sysmem.o
LOAD ./Core/Src/system_stm32h7xx.o
LOAD ./Core/Startup/startup_stm32h743zitx.o
LOAD ./Drivers/STM32H7xx_HAL_Driver/Src/stm32h7xx_hal.o
LOAD ./Drivers/STM32H7xx_HAL_Driver/Src/stm32h7xx_hal_cortex.o
LOAD ./Drivers/STM32H7xx_HAL_Driver/Src/stm32h7xx_hal_dma.o
LOAD ./Drivers/STM32H7xx_HAL_Driver/Src/stm32h7xx_hal_dma_ex.o
LOAD ./Drivers/STM32H7xx_HAL_Driver/Src/stm32h7xx_hal_exti.o
LOAD ./Drivers/STM32H7xx_HAL_Driver/Src/stm32h7xx_hal_flash.o
LOAD ./Drivers/STM32H7xx_HAL_Driver/Src/stm32h7xx_hal_flash_ex.o
LOAD ./Drivers/STM32H7xx_HAL_Driver/Src/stm32h7xx_hal_gpio.o
LOAD ./Drivers/STM32H7xx_HAL_Driver/Src/stm32h7xx_hal_hsem.o
LOAD ./Drivers/STM32H7xx_HAL_Driver/Src/stm32h7xx_hal_i2c.o
LOAD ./Drivers/STM32H7xx_HAL_Driver/Src/stm32h7xx_hal_i2c_ex.o
LOAD ./Drivers/STM32H7xx_HAL_Driver/Src/stm32h7xx_hal_mdma.o
LOAD ./Drivers/STM32H7xx_HAL_Driver/Src/stm32h7xx_hal_pwr.o
LOAD ./Drivers/STM32H7xx_HAL_Driver/Src/stm32h7xx_hal_pwr_ex.o
LOAD ./Drivers/STM32H7xx_HAL_Driver/Src/stm32h7xx_hal_rcc.o
LOAD ./Drivers/STM32H7xx_HAL_Driver/Src/stm32h7xx_hal_rcc_ex.o
LOAD ./Drivers/STM32H7xx_HAL_Driver/Src/stm32h7xx_hal_tim.o
LOAD ./Drivers/STM32H7xx_HAL_Driver/Src/stm32h7xx_hal_tim_ex.o
START GROUP
LOAD /Applications/STM32CubeIDE.app/Contents/Eclipse/plugins/com.st.stm32cube.ide.mcu.externaltools.gnu-tools-for-stm32.11.3.rel1.macos64_1.1.100.202310310803/tools/bin/../lib/gcc/arm-none-eabi/11.3.1/../../../../arm-none-eabi/lib/thumb/v7e-m+dp/hard/libc_nano.a
LOAD /Applications/STM32CubeIDE.app/Contents/Eclipse/plugins/com.st.stm32cube.ide.mcu.externaltools.gnu-tools-for-stm32.11.3.rel1.macos64_1.1.100.202310310803/tools/bin/../lib/gcc/arm-none-eabi/11.3.1/../../../../arm-none-eabi/lib/thumb/v7e-m+dp/hard/libm.a
END GROUP
START GROUP
LOAD /Applications/STM32CubeIDE.app/Contents/Eclipse/plugins/com.st.stm32cube.ide.mcu.externaltools.gnu-tools-for-stm32.11.3.rel1.macos64_1.1.100.202310310803/tools/bin/../lib/gcc/arm-none-eabi/11.3.1/thumb/v7e-m+dp/hard/libgcc.a
LOAD /Applications/STM32CubeIDE.app/Contents/Eclipse/plugins/com.st.stm32cube.ide.mcu.externaltools.gnu-tools-for-stm32.11.3.rel1.macos64_1.1.100.202310310803/tools/bin/../lib/gcc/arm-none-eabi/11.3.1/../../../../arm-none-eabi/lib/thumb/v7e-m+dp/hard/libc_nano.a
END GROUP
START GROUP
LOAD /Applications/STM32CubeIDE.app/Contents/Eclipse/plugins/com.st.stm32cube.ide.mcu.externaltools.gnu-tools-for-stm32.11.3.rel1.macos64_1.1.100.202310310803/tools/bin/../lib/gcc/arm-none-eabi/11.3.1/thumb/v7e-m+dp/hard/libgcc.a
LOAD /Applications/STM32CubeIDE.app/Contents/Eclipse/plugins/com.st.stm32cube.ide.mcu.externaltools.gnu-tools-for-stm32.11.3.rel1.macos64_1.1.100.202310310803/tools/bin/../lib/gcc/arm-none-eabi/11.3.1/../../../../arm-none-eabi/lib/thumb/v7e-m+dp/hard/libc_nano.a
LOAD /Applications/STM32CubeIDE.app/Contents/Eclipse/plugins/com.st.stm32cube.ide.mcu.externaltools.gnu-tools-for-stm32.11.3.rel1.macos64_1.1.100.202310310803/tools/bin/../lib/gcc/arm-none-eabi/11.3.1/../../../../arm-none-eabi/lib/thumb/v7e-m+dp/hard/libnosys.a
END GROUP
START GROUP
LOAD /Applications/STM32CubeIDE.app/Contents/Eclipse/plugins/com.st.stm32cube.ide.mcu.externaltools.gnu-tools-for-stm32.11.3.rel1.macos64_1.1.100.202310310803/tools/bin/../lib/gcc/arm-none-eabi/11.3.1/thumb/v7e-m+dp/hard/libgcc.a
LOAD /Applications/STM32CubeIDE.app/Contents/Eclipse/plugins/com.st.stm32cube.ide.mcu.externaltools.gnu-tools-for-stm32.11.3.rel1.macos64_1.1.100.202310310803/tools/bin/../lib/gcc/arm-none-eabi/11.3.1/../../../../arm-none-eabi/lib/thumb/v7e-m+dp/hard/libc_nano.a
LOAD /Applications/STM32CubeIDE.app/Contents/Eclipse/plugins/com.st.stm32cube.ide.mcu.externaltools.gnu-tools-for-stm32.11.3.rel1.macos64_1.1.100.202310310803/tools/bin/../lib/gcc/arm-none-eabi/11.3.1/../../../../arm-none-eabi/lib/thumb/v7e-m+dp/hard/libnosys.a
END GROUP
LOAD /Applications/STM32CubeIDE.app/Contents/Eclipse/plugins/com.st.stm32cube.ide.mcu.externaltools.gnu-tools-for-stm32.11.3.rel1.macos64_1.1.100.202310310803/tools/bin/../lib/gcc/arm-none-eabi/11.3.1/thumb/v7e-m+dp/hard/crtend.o
LOAD /Applications/STM32CubeIDE.app/Contents/Eclipse/plugins/com.st.stm32cube.ide.mcu.externaltools.gnu-tools-for-stm32.11.3.rel1.macos64_1.1.100.202310310803/tools/bin/../lib/gcc/arm-none-eabi/11.3.1/thumb/v7e-m+dp/hard/crtn.o
                0x0000000024080000                _estack = (ORIGIN (RAM_D1) + LENGTH (RAM_D1))
                0x0000000000000200                _Min_Heap_Size = 0x200
                0x0000000000000400                _Min_Stack_Size = 0x400

.isr_vector     0x0000000008000000      0x298
                0x0000000008000000                . = ALIGN (0x4)
 *(.isr_vector)
 .isr_vector    0x0000000008000000      0x298 ./Core/Startup/startup_stm32h743zitx.o
                0x0000000008000000                g_pfnVectors
                0x0000000008000298                . = ALIGN (0x4)

.text           0x0000000008000298     0x2c20
                0x0000000008000298                . = ALIGN (0x4)
 *(.text)
 .text          0x0000000008000298       0x40 /Applications/STM32CubeIDE.app/Contents/Eclipse/plugins/com.st.stm32cube.ide.mcu.externaltools.gnu-tools-for-stm32.11.3.rel1.macos64_1.1.100.202310310803/tools/bin/../lib/gcc/arm-none-eabi/11.3.1/thumb/v7e-m+dp/hard/crtbegin.o
 *(.text*)
 .text.main     0x00000000080002d8       0x16 ./Core/Src/main.o
                0x00000000080002d8                main
 *fill*         0x00000000080002ee        0x2 
 .text.SystemClock_Config
                0x00000000080002f0       0xf4 ./Core/Src/main.o
                0x00000000080002f0                SystemClock_Config
 .text.MX_TIM2_Init
                0x00000000080003e4       0xec ./Core/Src/main.o
 .text.MX_GPIO_Init
                0x00000000080004d0      0x1d8 ./Core/Src/main.o
 .text.Error_Handler
                0x00000000080006a8        0xa ./Core/Src/main.o
                0x00000000080006a8                Error_Handler
 *fill*         0x00000000080006b2        0x2 
 .text.HAL_MspInit
                0x00000000080006b4       0x34 ./Core/Src/stm32h7xx_hal_msp.o
                0x00000000080006b4                HAL_MspInit
 .text.HAL_TIM_Base_MspInit
                0x00000000080006e8       0x40 ./Core/Src/stm32h7xx_hal_msp.o
                0x00000000080006e8                HAL_TIM_Base_MspInit
 .text.HAL_TIM_MspPostInit
                0x0000000008000728       0x70 ./Core/Src/stm32h7xx_hal_msp.o
                0x0000000008000728                HAL_TIM_MspPostInit
 .text.NMI_Handler
                0x0000000008000798        0x6 ./Core/Src/stm32h7xx_it.o
                0x0000000008000798                NMI_Handler
 .text.HardFault_Handler
                0x000000000800079e        0x6 ./Core/Src/stm32h7xx_it.o
                0x000000000800079e                HardFault_Handler
 .text.MemManage_Handler
                0x00000000080007a4        0x6 ./Core/Src/stm32h7xx_it.o
                0x00000000080007a4                MemManage_Handler
 .text.BusFault_Handler
                0x00000000080007aa        0x6 ./Core/Src/stm32h7xx_it.o
                0x00000000080007aa                BusFault_Handler
 .text.UsageFault_Handler
                0x00000000080007b0        0x6 ./Core/Src/stm32h7xx_it.o
                0x00000000080007b0                UsageFault_Handler
 .text.SVC_Handler
                0x00000000080007b6        0xe ./Core/Src/stm32h7xx_it.o
                0x00000000080007b6                SVC_Handler
 .text.DebugMon_Handler
                0x00000000080007c4        0xe ./Core/Src/stm32h7xx_it.o
                0x00000000080007c4                DebugMon_Handler
 .text.PendSV_Handler
                0x00000000080007d2        0xe ./Core/Src/stm32h7xx_it.o
                0x00000000080007d2                PendSV_Handler
 .text.SysTick_Handler
                0x00000000080007e0        0xc ./Core/Src/stm32h7xx_it.o
                0x00000000080007e0                SysTick_Handler
 .text.SystemInit
                0x00000000080007ec      0x110 ./Core/Src/system_stm32h7xx.o
                0x00000000080007ec                SystemInit
 .text.Reset_Handler
                0x00000000080008fc       0x50 ./Core/Startup/startup_stm32h743zitx.o
                0x00000000080008fc                Reset_Handler
 .text.Default_Handler
                0x000000000800094c        0x2 ./Core/Startup/startup_stm32h743zitx.o
                0x000000000800094c                DMA1_Stream3_IRQHandler
                0x000000000800094c                EXTI2_IRQHandler
                0x000000000800094c                TIM8_CC_IRQHandler
                0x000000000800094c                HRTIM1_Master_IRQHandler
                0x000000000800094c                UART8_IRQHandler
                0x000000000800094c                SPI4_IRQHandler
                0x000000000800094c                TIM1_CC_IRQHandler
                0x000000000800094c                BDMA_Channel6_IRQHandler
                0x000000000800094c                DMA2_Stream5_IRQHandler
                0x000000000800094c                HRTIM1_FLT_IRQHandler
                0x000000000800094c                JPEG_IRQHandler
                0x000000000800094c                DMA1_Stream5_IRQHandler
                0x000000000800094c                BDMA_Channel1_IRQHandler
                0x000000000800094c                HRTIM1_TIMD_IRQHandler
                0x000000000800094c                TAMP_STAMP_IRQHandler
                0x000000000800094c                EXTI3_IRQHandler
                0x000000000800094c                LPTIM4_IRQHandler
                0x000000000800094c                TIM8_TRG_COM_TIM14_IRQHandler
                0x000000000800094c                LPTIM2_IRQHandler
                0x000000000800094c                DFSDM1_FLT1_IRQHandler
                0x000000000800094c                DMAMUX2_OVR_IRQHandler
                0x000000000800094c                TIM8_UP_TIM13_IRQHandler
                0x000000000800094c                I2C3_ER_IRQHandler
                0x000000000800094c                DFSDM1_FLT2_IRQHandler
                0x000000000800094c                MDMA_IRQHandler
                0x000000000800094c                LPTIM3_IRQHandler
                0x000000000800094c                HSEM1_IRQHandler
                0x000000000800094c                EXTI0_IRQHandler
                0x000000000800094c                I2C2_EV_IRQHandler
                0x000000000800094c                DMA1_Stream2_IRQHandler
                0x000000000800094c                FPU_IRQHandler
                0x000000000800094c                OTG_HS_WKUP_IRQHandler
                0x000000000800094c                FDCAN1_IT1_IRQHandler
                0x000000000800094c                LTDC_ER_IRQHandler
                0x000000000800094c                DMA2_Stream2_IRQHandler
                0x000000000800094c                HRTIM1_TIME_IRQHandler
                0x000000000800094c                SPI1_IRQHandler
                0x000000000800094c                TIM6_DAC_IRQHandler
                0x000000000800094c                DCMI_IRQHandler
                0x000000000800094c                HRTIM1_TIMC_IRQHandler
                0x000000000800094c                DMA2_Stream3_IRQHandler
                0x000000000800094c                SAI2_IRQHandler
                0x000000000800094c                DFSDM1_FLT3_IRQHandler
                0x000000000800094c                USART6_IRQHandler
                0x000000000800094c                TIM17_IRQHandler
                0x000000000800094c                USART3_IRQHandler
                0x000000000800094c                BDMA_Channel7_IRQHandler
                0x000000000800094c                LPTIM5_IRQHandler
                0x000000000800094c                UART5_IRQHandler
                0x000000000800094c                ADC3_IRQHandler
                0x000000000800094c                DMA2_Stream0_IRQHandler
                0x000000000800094c                TIM4_IRQHandler
                0x000000000800094c                BDMA_Channel2_IRQHandler
                0x000000000800094c                QUADSPI_IRQHandler
                0x000000000800094c                I2C1_EV_IRQHandler
                0x000000000800094c                DMA1_Stream6_IRQHandler
                0x000000000800094c                DMAMUX1_OVR_IRQHandler
                0x000000000800094c                DMA1_Stream1_IRQHandler
                0x000000000800094c                TIM16_IRQHandler
                0x000000000800094c                UART4_IRQHandler
                0x000000000800094c                BDMA_Channel5_IRQHandler
                0x000000000800094c                TIM3_IRQHandler
                0x000000000800094c                RCC_IRQHandler
                0x000000000800094c                TIM8_BRK_TIM12_IRQHandler
                0x000000000800094c                TIM1_TRG_COM_IRQHandler
                0x000000000800094c                Default_Handler
                0x000000000800094c                ECC_IRQHandler
                0x000000000800094c                CEC_IRQHandler
                0x000000000800094c                EXTI15_10_IRQHandler
                0x000000000800094c                BDMA_Channel0_IRQHandler
                0x000000000800094c                ADC_IRQHandler
                0x000000000800094c                DMA1_Stream7_IRQHandler
                0x000000000800094c                HRTIM1_TIMA_IRQHandler
                0x000000000800094c                SPI5_IRQHandler
                0x000000000800094c                TIM7_IRQHandler
                0x000000000800094c                SDMMC1_IRQHandler
                0x000000000800094c                TIM5_IRQHandler
                0x000000000800094c                DMA2_Stream7_IRQHandler
                0x000000000800094c                TIM15_IRQHandler
                0x000000000800094c                PVD_AVD_IRQHandler
                0x000000000800094c                I2C3_EV_IRQHandler
                0x000000000800094c                EXTI9_5_IRQHandler
                0x000000000800094c                RTC_WKUP_IRQHandler
                0x000000000800094c                LTDC_IRQHandler
                0x000000000800094c                SAI3_IRQHandler
                0x000000000800094c                ETH_WKUP_IRQHandler
                0x000000000800094c                SPDIF_RX_IRQHandler
                0x000000000800094c                SPI2_IRQHandler
                0x000000000800094c                OTG_HS_EP1_IN_IRQHandler
                0x000000000800094c                DMA1_Stream0_IRQHandler
                0x000000000800094c                CRS_IRQHandler
                0x000000000800094c                EXTI4_IRQHandler
                0x000000000800094c                RNG_IRQHandler
                0x000000000800094c                HRTIM1_TIMB_IRQHandler
                0x000000000800094c                FDCAN2_IT1_IRQHandler
                0x000000000800094c                ETH_IRQHandler
                0x000000000800094c                TIM1_UP_IRQHandler
                0x000000000800094c                BDMA_Channel4_IRQHandler
                0x000000000800094c                OTG_HS_EP1_OUT_IRQHandler
                0x000000000800094c                WWDG_IRQHandler
                0x000000000800094c                SPI6_IRQHandler
                0x000000000800094c                MDIOS_IRQHandler
                0x000000000800094c                I2C4_EV_IRQHandler
                0x000000000800094c                FDCAN2_IT0_IRQHandler
                0x000000000800094c                LPUART1_IRQHandler
                0x000000000800094c                FDCAN1_IT0_IRQHandler
                0x000000000800094c                TIM2_IRQHandler
                0x000000000800094c                OTG_FS_WKUP_IRQHandler
                0x000000000800094c                OTG_HS_IRQHandler
                0x000000000800094c                DMA2D_IRQHandler
                0x000000000800094c                TIM1_BRK_IRQHandler
                0x000000000800094c                EXTI1_IRQHandler
                0x000000000800094c                SDMMC2_IRQHandler
                0x000000000800094c                OTG_FS_EP1_OUT_IRQHandler
                0x000000000800094c                BDMA_Channel3_IRQHandler
                0x000000000800094c                UART7_IRQHandler
                0x000000000800094c                MDIOS_WKUP_IRQHandler
                0x000000000800094c                USART2_IRQHandler
                0x000000000800094c                DFSDM1_FLT0_IRQHandler
                0x000000000800094c                SAI4_IRQHandler
                0x000000000800094c                I2C2_ER_IRQHandler
                0x000000000800094c                DMA2_Stream1_IRQHandler
                0x000000000800094c                FLASH_IRQHandler
                0x000000000800094c                DMA2_Stream4_IRQHandler
                0x000000000800094c                USART1_IRQHandler
                0x000000000800094c                OTG_FS_IRQHandler
                0x000000000800094c                SPI3_IRQHandler
                0x000000000800094c                WAKEUP_PIN_IRQHandler
                0x000000000800094c                DMA1_Stream4_IRQHandler
                0x000000000800094c                OTG_FS_EP1_IN_IRQHandler
                0x000000000800094c                I2C1_ER_IRQHandler
                0x000000000800094c                FMC_IRQHandler
                0x000000000800094c                FDCAN_CAL_IRQHandler
                0x000000000800094c                SWPMI1_IRQHandler
                0x000000000800094c                COMP1_IRQHandler
                0x000000000800094c                LPTIM1_IRQHandler
                0x000000000800094c                I2C4_ER_IRQHandler
                0x000000000800094c                DMA2_Stream6_IRQHandler
                0x000000000800094c                SAI1_IRQHandler
                0x000000000800094c                RTC_Alarm_IRQHandler
 *fill*         0x000000000800094e        0x2 
 .text.HAL_Init
                0x0000000008000950       0x78 ./Drivers/STM32H7xx_HAL_Driver/Src/stm32h7xx_hal.o
                0x0000000008000950                HAL_Init
 .text.HAL_InitTick
                0x00000000080009c8       0x6c ./Drivers/STM32H7xx_HAL_Driver/Src/stm32h7xx_hal.o
                0x00000000080009c8                HAL_InitTick
 .text.HAL_IncTick
                0x0000000008000a34       0x28 ./Drivers/STM32H7xx_HAL_Driver/Src/stm32h7xx_hal.o
                0x0000000008000a34                HAL_IncTick
 .text.HAL_GetTick
                0x0000000008000a5c       0x18 ./Drivers/STM32H7xx_HAL_Driver/Src/stm32h7xx_hal.o
                0x0000000008000a5c                HAL_GetTick
 .text.HAL_GetREVID
                0x0000000008000a74       0x18 ./Drivers/STM32H7xx_HAL_Driver/Src/stm32h7xx_hal.o
                0x0000000008000a74                HAL_GetREVID
 .text.__NVIC_SetPriorityGrouping
                0x0000000008000a8c       0x48 ./Drivers/STM32H7xx_HAL_Driver/Src/stm32h7xx_hal_cortex.o
 .text.__NVIC_GetPriorityGrouping
                0x0000000008000ad4       0x1c ./Drivers/STM32H7xx_HAL_Driver/Src/stm32h7xx_hal_cortex.o
 .text.__NVIC_SetPriority
                0x0000000008000af0       0x54 ./Drivers/STM32H7xx_HAL_Driver/Src/stm32h7xx_hal_cortex.o
 .text.NVIC_EncodePriority
                0x0000000008000b44       0x66 ./Drivers/STM32H7xx_HAL_Driver/Src/stm32h7xx_hal_cortex.o
 *fill*         0x0000000008000baa        0x2 
 .text.SysTick_Config
                0x0000000008000bac       0x44 ./Drivers/STM32H7xx_HAL_Driver/Src/stm32h7xx_hal_cortex.o
 .text.HAL_NVIC_SetPriorityGrouping
                0x0000000008000bf0       0x16 ./Drivers/STM32H7xx_HAL_Driver/Src/stm32h7xx_hal_cortex.o
                0x0000000008000bf0                HAL_NVIC_SetPriorityGrouping
 .text.HAL_NVIC_SetPriority
                0x0000000008000c06       0x34 ./Drivers/STM32H7xx_HAL_Driver/Src/stm32h7xx_hal_cortex.o
                0x0000000008000c06                HAL_NVIC_SetPriority
 .text.HAL_SYSTICK_Config
                0x0000000008000c3a       0x18 ./Drivers/STM32H7xx_HAL_Driver/Src/stm32h7xx_hal_cortex.o
                0x0000000008000c3a                HAL_SYSTICK_Config
 *fill*         0x0000000008000c52        0x2 
 .text.HAL_GPIO_Init
                0x0000000008000c54      0x360 ./Drivers/STM32H7xx_HAL_Driver/Src/stm32h7xx_hal_gpio.o
                0x0000000008000c54                HAL_GPIO_Init
 .text.HAL_GPIO_WritePin
                0x0000000008000fb4       0x32 ./Drivers/STM32H7xx_HAL_Driver/Src/stm32h7xx_hal_gpio.o
                0x0000000008000fb4                HAL_GPIO_WritePin
 *fill*         0x0000000008000fe6        0x2 
 .text.HAL_PWREx_ConfigSupply
                0x0000000008000fe8       0x74 ./Drivers/STM32H7xx_HAL_Driver/Src/stm32h7xx_hal_pwr_ex.o
                0x0000000008000fe8                HAL_PWREx_ConfigSupply
 .text.HAL_RCC_OscConfig
                0x000000000800105c      0x8b4 ./Drivers/STM32H7xx_HAL_Driver/Src/stm32h7xx_hal_rcc.o
                0x000000000800105c                HAL_RCC_OscConfig
 .text.HAL_RCC_ClockConfig
                0x0000000008001910      0x36c ./Drivers/STM32H7xx_HAL_Driver/Src/stm32h7xx_hal_rcc.o
                0x0000000008001910                HAL_RCC_ClockConfig
 .text.HAL_RCC_GetSysClockFreq
                0x0000000008001c7c      0x2f4 ./Drivers/STM32H7xx_HAL_Driver/Src/stm32h7xx_hal_rcc.o
                0x0000000008001c7c                HAL_RCC_GetSysClockFreq
 .text.HAL_TIM_Base_Init
                0x0000000008001f70       0xae ./Drivers/STM32H7xx_HAL_Driver/Src/stm32h7xx_hal_tim.o
                0x0000000008001f70                HAL_TIM_Base_Init
 .text.HAL_TIM_PWM_Init
                0x000000000800201e       0xae ./Drivers/STM32H7xx_HAL_Driver/Src/stm32h7xx_hal_tim.o
                0x000000000800201e                HAL_TIM_PWM_Init
 .text.HAL_TIM_PWM_MspInit
                0x00000000080020cc       0x14 ./Drivers/STM32H7xx_HAL_Driver/Src/stm32h7xx_hal_tim.o
                0x00000000080020cc                HAL_TIM_PWM_MspInit
 .text.HAL_TIM_PWM_ConfigChannel
                0x00000000080020e0      0x228 ./Drivers/STM32H7xx_HAL_Driver/Src/stm32h7xx_hal_tim.o
                0x00000000080020e0                HAL_TIM_PWM_ConfigChannel
 .text.HAL_TIM_ConfigClockSource
                0x0000000008002308      0x1f0 ./Drivers/STM32H7xx_HAL_Driver/Src/stm32h7xx_hal_tim.o
                0x0000000008002308                HAL_TIM_ConfigClockSource
 .text.TIM_Base_SetConfig
                0x00000000080024f8      0x14c ./Drivers/STM32H7xx_HAL_Driver/Src/stm32h7xx_hal_tim.o
                0x00000000080024f8                TIM_Base_SetConfig
 .text.TIM_OC1_SetConfig
                0x0000000008002644      0x120 ./Drivers/STM32H7xx_HAL_Driver/Src/stm32h7xx_hal_tim.o
 .text.TIM_OC2_SetConfig
                0x0000000008002764      0x114 ./Drivers/STM32H7xx_HAL_Driver/Src/stm32h7xx_hal_tim.o
                0x0000000008002764                TIM_OC2_SetConfig
 .text.TIM_OC3_SetConfig
                0x0000000008002878      0x110 ./Drivers/STM32H7xx_HAL_Driver/Src/stm32h7xx_hal_tim.o
 .text.TIM_OC4_SetConfig
                0x0000000008002988       0xd4 ./Drivers/STM32H7xx_HAL_Driver/Src/stm32h7xx_hal_tim.o
 .text.TIM_OC5_SetConfig
                0x0000000008002a5c       0xc8 ./Drivers/STM32H7xx_HAL_Driver/Src/stm32h7xx_hal_tim.o
 .text.TIM_OC6_SetConfig
                0x0000000008002b24       0xcc ./Drivers/STM32H7xx_HAL_Driver/Src/stm32h7xx_hal_tim.o
 .text.TIM_TI1_ConfigInputStage
                0x0000000008002bf0       0x5e ./Drivers/STM32H7xx_HAL_Driver/Src/stm32h7xx_hal_tim.o
 .text.TIM_TI2_ConfigInputStage
                0x0000000008002c4e       0x60 ./Drivers/STM32H7xx_HAL_Driver/Src/stm32h7xx_hal_tim.o
 *fill*         0x0000000008002cae        0x2 
 .text.TIM_ITRx_SetConfig
                0x0000000008002cb0       0x3c ./Drivers/STM32H7xx_HAL_Driver/Src/stm32h7xx_hal_tim.o
 .text.TIM_ETR_SetConfig
                0x0000000008002cec       0x40 ./Drivers/STM32H7xx_HAL_Driver/Src/stm32h7xx_hal_tim.o
                0x0000000008002cec                TIM_ETR_SetConfig
 .text.HAL_TIMEx_MasterConfigSynchronization
                0x0000000008002d2c      0x11c ./Drivers/STM32H7xx_HAL_Driver/Src/stm32h7xx_hal_tim_ex.o
                0x0000000008002d2c                HAL_TIMEx_MasterConfigSynchronization
 .text.memset   0x0000000008002e48       0x10 /Applications/STM32CubeIDE.app/Contents/Eclipse/plugins/com.st.stm32cube.ide.mcu.externaltools.gnu-tools-for-stm32.11.3.rel1.macos64_1.1.100.202310310803/tools/bin/../lib/gcc/arm-none-eabi/11.3.1/../../../../arm-none-eabi/lib/thumb/v7e-m+dp/hard/libc_nano.a(libc_a-memset.o)
                0x0000000008002e48                memset
 .text.__libc_init_array
                0x0000000008002e58       0x48 /Applications/STM32CubeIDE.app/Contents/Eclipse/plugins/com.st.stm32cube.ide.mcu.externaltools.gnu-tools-for-stm32.11.3.rel1.macos64_1.1.100.202310310803/tools/bin/../lib/gcc/arm-none-eabi/11.3.1/../../../../arm-none-eabi/lib/thumb/v7e-m+dp/hard/libc_nano.a(libc_a-init.o)
                0x0000000008002e58                __libc_init_array
 *(.glue_7)
 .glue_7        0x0000000008002ea0        0x0 linker stubs
 *(.glue_7t)
 .glue_7t       0x0000000008002ea0        0x0 linker stubs
 *(.eh_frame)
 .eh_frame      0x0000000008002ea0        0x0 /Applications/STM32CubeIDE.app/Contents/Eclipse/plugins/com.st.stm32cube.ide.mcu.externaltools.gnu-tools-for-stm32.11.3.rel1.macos64_1.1.100.202310310803/tools/bin/../lib/gcc/arm-none-eabi/11.3.1/thumb/v7e-m+dp/hard/crtbegin.o
 *(.init)
 .init          0x0000000008002ea0        0x4 /Applications/STM32CubeIDE.app/Contents/Eclipse/plugins/com.st.stm32cube.ide.mcu.externaltools.gnu-tools-for-stm32.11.3.rel1.macos64_1.1.100.202310310803/tools/bin/../lib/gcc/arm-none-eabi/11.3.1/thumb/v7e-m+dp/hard/crti.o
                0x0000000008002ea0                _init
 .init          0x0000000008002ea4        0x8 /Applications/STM32CubeIDE.app/Contents/Eclipse/plugins/com.st.stm32cube.ide.mcu.externaltools.gnu-tools-for-stm32.11.3.rel1.macos64_1.1.100.202310310803/tools/bin/../lib/gcc/arm-none-eabi/11.3.1/thumb/v7e-m+dp/hard/crtn.o
 *(.fini)
 .fini          0x0000000008002eac        0x4 /Applications/STM32CubeIDE.app/Contents/Eclipse/plugins/com.st.stm32cube.ide.mcu.externaltools.gnu-tools-for-stm32.11.3.rel1.macos64_1.1.100.202310310803/tools/bin/../lib/gcc/arm-none-eabi/11.3.1/thumb/v7e-m+dp/hard/crti.o
                0x0000000008002eac                _fini
 .fini          0x0000000008002eb0        0x8 /Applications/STM32CubeIDE.app/Contents/Eclipse/plugins/com.st.stm32cube.ide.mcu.externaltools.gnu-tools-for-stm32.11.3.rel1.macos64_1.1.100.202310310803/tools/bin/../lib/gcc/arm-none-eabi/11.3.1/thumb/v7e-m+dp/hard/crtn.o
                0x0000000008002eb8                . = ALIGN (0x4)
                0x0000000008002eb8                _etext = .

.vfp11_veneer   0x0000000008002eb8        0x0
 .vfp11_veneer  0x0000000008002eb8        0x0 linker stubs

.v4_bx          0x0000000008002eb8        0x0
 .v4_bx         0x0000000008002eb8        0x0 linker stubs

.iplt           0x0000000008002eb8        0x0
 .iplt          0x0000000008002eb8        0x0 /Applications/STM32CubeIDE.app/Contents/Eclipse/plugins/com.st.stm32cube.ide.mcu.externaltools.gnu-tools-for-stm32.11.3.rel1.macos64_1.1.100.202310310803/tools/bin/../lib/gcc/arm-none-eabi/11.3.1/thumb/v7e-m+dp/hard/crtbegin.o

.rodata         0x0000000008002eb8       0x10
                0x0000000008002eb8                . = ALIGN (0x4)
 *(.rodata)
 *(.rodata*)
 .rodata.D1CorePrescTable
                0x0000000008002eb8       0x10 ./Core/Src/system_stm32h7xx.o
                0x0000000008002eb8                D1CorePrescTable
                0x0000000008002ec8                . = ALIGN (0x4)

.rel.dyn        0x0000000008002ec8        0x0
 .rel.iplt      0x0000000008002ec8        0x0 /Applications/STM32CubeIDE.app/Contents/Eclipse/plugins/com.st.stm32cube.ide.mcu.externaltools.gnu-tools-for-stm32.11.3.rel1.macos64_1.1.100.202310310803/tools/bin/../lib/gcc/arm-none-eabi/11.3.1/thumb/v7e-m+dp/hard/crtbegin.o

.ARM.extab
 *(.ARM.extab* .gnu.linkonce.armextab.*)

.ARM            0x0000000008002ec8        0x0
                0x0000000008002ec8                __exidx_start = .
 *(.ARM.exidx*)
                0x0000000008002ec8                __exidx_end = .

.preinit_array  0x0000000008002ec8        0x0
                0x0000000008002ec8                PROVIDE (__preinit_array_start = .)
 *(.preinit_array*)
                0x0000000008002ec8                PROVIDE (__preinit_array_end = .)

.init_array     0x0000000008002ec8        0x4
                0x0000000008002ec8                PROVIDE (__init_array_start = .)
 *(SORT_BY_NAME(.init_array.*))
 *(.init_array*)
 .init_array    0x0000000008002ec8        0x4 /Applications/STM32CubeIDE.app/Contents/Eclipse/plugins/com.st.stm32cube.ide.mcu.externaltools.gnu-tools-for-stm32.11.3.rel1.macos64_1.1.100.202310310803/tools/bin/../lib/gcc/arm-none-eabi/11.3.1/thumb/v7e-m+dp/hard/crtbegin.o
                0x0000000008002ecc                PROVIDE (__init_array_end = .)

.fini_array     0x0000000008002ecc        0x4
                [!provide]                        PROVIDE (__fini_array_start = .)
 *(SORT_BY_NAME(.fini_array.*))
 *(.fini_array*)
 .fini_array    0x0000000008002ecc        0x4 /Applications/STM32CubeIDE.app/Contents/Eclipse/plugins/com.st.stm32cube.ide.mcu.externaltools.gnu-tools-for-stm32.11.3.rel1.macos64_1.1.100.202310310803/tools/bin/../lib/gcc/arm-none-eabi/11.3.1/thumb/v7e-m+dp/hard/crtbegin.o
                [!provide]                        PROVIDE (__fini_array_end = .)
                0x0000000008002ed0                _sidata = LOADADDR (.data)

.data           0x0000000024000000       0x10 load address 0x0000000008002ed0
                0x0000000024000000                . = ALIGN (0x4)
                0x0000000024000000                _sdata = .
 *(.data)
 *(.data*)
 .data.SystemCoreClock
                0x0000000024000000        0x4 ./Core/Src/system_stm32h7xx.o
                0x0000000024000000                SystemCoreClock
 .data.SystemD2Clock
                0x0000000024000004        0x4 ./Core/Src/system_stm32h7xx.o
                0x0000000024000004                SystemD2Clock
 .data.uwTickPrio
                0x0000000024000008        0x4 ./Drivers/STM32H7xx_HAL_Driver/Src/stm32h7xx_hal.o
                0x0000000024000008                uwTickPrio
 .data.uwTickFreq
                0x000000002400000c        0x1 ./Drivers/STM32H7xx_HAL_Driver/Src/stm32h7xx_hal.o
                0x000000002400000c                uwTickFreq
 *(.RamFunc)
 *(.RamFunc*)
                0x0000000024000010                . = ALIGN (0x4)
 *fill*         0x000000002400000d        0x3 
                0x0000000024000010                _edata = .

.igot.plt       0x0000000024000010        0x0 load address 0x0000000008002ee0
 .igot.plt      0x0000000024000010        0x0 /Applications/STM32CubeIDE.app/Contents/Eclipse/plugins/com.st.stm32cube.ide.mcu.externaltools.gnu-tools-for-stm32.11.3.rel1.macos64_1.1.100.202310310803/tools/bin/../lib/gcc/arm-none-eabi/11.3.1/thumb/v7e-m+dp/hard/crtbegin.o
                0x0000000024000010                . = ALIGN (0x4)

.bss            0x0000000024000010       0x6c load address 0x0000000008002ee0
                0x0000000024000010                _sbss = .
                0x0000000024000010                __bss_start__ = _sbss
 *(.bss)
 .bss           0x0000000024000010       0x1c /Applications/STM32CubeIDE.app/Contents/Eclipse/plugins/com.st.stm32cube.ide.mcu.externaltools.gnu-tools-for-stm32.11.3.rel1.macos64_1.1.100.202310310803/tools/bin/../lib/gcc/arm-none-eabi/11.3.1/thumb/v7e-m+dp/hard/crtbegin.o
 *(.bss*)
 .bss.htim2     0x000000002400002c       0x4c ./Core/Src/main.o
                0x000000002400002c                htim2
 .bss.uwTick    0x0000000024000078        0x4 ./Drivers/STM32H7xx_HAL_Driver/Src/stm32h7xx_hal.o
                0x0000000024000078                uwTick
 *(COMMON)
                0x000000002400007c                . = ALIGN (0x4)
                0x000000002400007c                _ebss = .
                0x000000002400007c                __bss_end__ = _ebss

._user_heap_stack
                0x000000002400007c      0x604 load address 0x0000000008002ee0
                0x0000000024000080                . = ALIGN (0x8)
 *fill*         0x000000002400007c        0x4 
                [!provide]                        PROVIDE (end = .)
                0x0000000024000080                PROVIDE (_end = .)
                0x0000000024000280                . = (. + _Min_Heap_Size)
 *fill*         0x0000000024000080      0x200 
                0x0000000024000680                . = (. + _Min_Stack_Size)
 *fill*         0x0000000024000280      0x400 
                0x0000000024000680                . = ALIGN (0x8)

/DISCARD/
 libc.a(*)
 libm.a(*)
 libgcc.a(*)

.ARM.attributes
                0x0000000000000000       0x2e
 *(.ARM.attributes)
 .ARM.attributes
                0x0000000000000000       0x1e /Applications/STM32CubeIDE.app/Contents/Eclipse/plugins/com.st.stm32cube.ide.mcu.externaltools.gnu-tools-for-stm32.11.3.rel1.macos64_1.1.100.202310310803/tools/bin/../lib/gcc/arm-none-eabi/11.3.1/thumb/v7e-m+dp/hard/crti.o
 .ARM.attributes
                0x000000000000001e       0x32 /Applications/STM32CubeIDE.app/Contents/Eclipse/plugins/com.st.stm32cube.ide.mcu.externaltools.gnu-tools-for-stm32.11.3.rel1.macos64_1.1.100.202310310803/tools/bin/../lib/gcc/arm-none-eabi/11.3.1/thumb/v7e-m+dp/hard/crtbegin.o
 .ARM.attributes
                0x0000000000000050       0x32 ./Core/Src/main.o
 .ARM.attributes
                0x0000000000000082       0x32 ./Core/Src/stm32h7xx_hal_msp.o
 .ARM.attributes
                0x00000000000000b4       0x32 ./Core/Src/stm32h7xx_it.o
 .ARM.attributes
                0x00000000000000e6       0x32 ./Core/Src/system_stm32h7xx.o
 .ARM.attributes
                0x0000000000000118       0x21 ./Core/Startup/startup_stm32h743zitx.o
 .ARM.attributes
                0x0000000000000139       0x32 ./Drivers/STM32H7xx_HAL_Driver/Src/stm32h7xx_hal.o
 .ARM.attributes
                0x000000000000016b       0x32 ./Drivers/STM32H7xx_HAL_Driver/Src/stm32h7xx_hal_cortex.o
 .ARM.attributes
                0x000000000000019d       0x32 ./Drivers/STM32H7xx_HAL_Driver/Src/stm32h7xx_hal_gpio.o
 .ARM.attributes
                0x00000000000001cf       0x32 ./Drivers/STM32H7xx_HAL_Driver/Src/stm32h7xx_hal_pwr_ex.o
 .ARM.attributes
                0x0000000000000201       0x32 ./Drivers/STM32H7xx_HAL_Driver/Src/stm32h7xx_hal_rcc.o
 .ARM.attributes
                0x0000000000000233       0x32 ./Drivers/STM32H7xx_HAL_Driver/Src/stm32h7xx_hal_tim.o
 .ARM.attributes
                0x0000000000000265       0x32 ./Drivers/STM32H7xx_HAL_Driver/Src/stm32h7xx_hal_tim_ex.o
 .ARM.attributes
                0x0000000000000297       0x32 /Applications/STM32CubeIDE.app/Contents/Eclipse/plugins/com.st.stm32cube.ide.mcu.externaltools.gnu-tools-for-stm32.11.3.rel1.macos64_1.1.100.202310310803/tools/bin/../lib/gcc/arm-none-eabi/11.3.1/../../../../arm-none-eabi/lib/thumb/v7e-m+dp/hard/libc_nano.a(libc_a-memset.o)
 .ARM.attributes
                0x00000000000002c9       0x32 /Applications/STM32CubeIDE.app/Contents/Eclipse/plugins/com.st.stm32cube.ide.mcu.externaltools.gnu-tools-for-stm32.11.3.rel1.macos64_1.1.100.202310310803/tools/bin/../lib/gcc/arm-none-eabi/11.3.1/../../../../arm-none-eabi/lib/thumb/v7e-m+dp/hard/libc_nano.a(libc_a-init.o)
 .ARM.attributes
                0x00000000000002fb       0x1e /Applications/STM32CubeIDE.app/Contents/Eclipse/plugins/com.st.stm32cube.ide.mcu.externaltools.gnu-tools-for-stm32.11.3.rel1.macos64_1.1.100.202310310803/tools/bin/../lib/gcc/arm-none-eabi/11.3.1/thumb/v7e-m+dp/hard/crtn.o
OUTPUT(PID_Regler.elf elf32-littlearm)
LOAD linker stubs
LOAD /Applications/STM32CubeIDE.app/Contents/Eclipse/plugins/com.st.stm32cube.ide.mcu.externaltools.gnu-tools-for-stm32.11.3.rel1.macos64_1.1.100.202310310803/tools/bin/../lib/gcc/arm-none-eabi/11.3.1/../../../../arm-none-eabi/lib/thumb/v7e-m+dp/hard/libc.a
LOAD /Applications/STM32CubeIDE.app/Contents/Eclipse/plugins/com.st.stm32cube.ide.mcu.externaltools.gnu-tools-for-stm32.11.3.rel1.macos64_1.1.100.202310310803/tools/bin/../lib/gcc/arm-none-eabi/11.3.1/../../../../arm-none-eabi/lib/thumb/v7e-m+dp/hard/libm.a
LOAD /Applications/STM32CubeIDE.app/Contents/Eclipse/plugins/com.st.stm32cube.ide.mcu.externaltools.gnu-tools-for-stm32.11.3.rel1.macos64_1.1.100.202310310803/tools/bin/../lib/gcc/arm-none-eabi/11.3.1/thumb/v7e-m+dp/hard/libgcc.a

.comment        0x0000000000000000       0x43
 .comment       0x0000000000000000       0x43 /Applications/STM32CubeIDE.app/Contents/Eclipse/plugins/com.st.stm32cube.ide.mcu.externaltools.gnu-tools-for-stm32.11.3.rel1.macos64_1.1.100.202310310803/tools/bin/../lib/gcc/arm-none-eabi/11.3.1/thumb/v7e-m+dp/hard/crtbegin.o
                                         0x44 (size before relaxing)
 .comment       0x0000000000000043       0x44 ./Core/Src/main.o
 .comment       0x0000000000000043       0x44 ./Core/Src/stm32h7xx_hal_msp.o
 .comment       0x0000000000000043       0x44 ./Core/Src/stm32h7xx_it.o
 .comment       0x0000000000000043       0x44 ./Core/Src/system_stm32h7xx.o
 .comment       0x0000000000000043       0x44 ./Drivers/STM32H7xx_HAL_Driver/Src/stm32h7xx_hal.o
 .comment       0x0000000000000043       0x44 ./Drivers/STM32H7xx_HAL_Driver/Src/stm32h7xx_hal_cortex.o
 .comment       0x0000000000000043       0x44 ./Drivers/STM32H7xx_HAL_Driver/Src/stm32h7xx_hal_gpio.o
 .comment       0x0000000000000043       0x44 ./Drivers/STM32H7xx_HAL_Driver/Src/stm32h7xx_hal_pwr_ex.o
 .comment       0x0000000000000043       0x44 ./Drivers/STM32H7xx_HAL_Driver/Src/stm32h7xx_hal_rcc.o
 .comment       0x0000000000000043       0x44 ./Drivers/STM32H7xx_HAL_Driver/Src/stm32h7xx_hal_tim.o
 .comment       0x0000000000000043       0x44 ./Drivers/STM32H7xx_HAL_Driver/Src/stm32h7xx_hal_tim_ex.o

.debug_info     0x0000000000000000     0xc467
 .debug_info    0x0000000000000000     0x14c6 ./Core/Src/main.o
 .debug_info    0x00000000000014c6      0xd39 ./Core/Src/stm32h7xx_hal_msp.o
 .debug_info    0x00000000000021ff      0x128 ./Core/Src/stm32h7xx_it.o
 .debug_info    0x0000000000002327      0xcef ./Core/Src/system_stm32h7xx.o
 .debug_info    0x0000000000003016       0x23 ./Core/Startup/startup_stm32h743zitx.o
 .debug_info    0x0000000000003039     0x153b ./Drivers/STM32H7xx_HAL_Driver/Src/stm32h7xx_hal.o
 .debug_info    0x0000000000004574     0x10ac ./Drivers/STM32H7xx_HAL_Driver/Src/stm32h7xx_hal_cortex.o
 .debug_info    0x0000000000005620      0xc4b ./Drivers/STM32H7xx_HAL_Driver/Src/stm32h7xx_hal_gpio.o
 .debug_info    0x000000000000626b     0x1008 ./Drivers/STM32H7xx_HAL_Driver/Src/stm32h7xx_hal_pwr_ex.o
 .debug_info    0x0000000000007273      0xe5b ./Drivers/STM32H7xx_HAL_Driver/Src/stm32h7xx_hal_rcc.o
 .debug_info    0x00000000000080ce     0x2bae ./Drivers/STM32H7xx_HAL_Driver/Src/stm32h7xx_hal_tim.o
 .debug_info    0x000000000000ac7c     0x17eb ./Drivers/STM32H7xx_HAL_Driver/Src/stm32h7xx_hal_tim_ex.o

.debug_abbrev   0x0000000000000000     0x1872
 .debug_abbrev  0x0000000000000000      0x28b ./Core/Src/main.o
 .debug_abbrev  0x000000000000028b      0x1e4 ./Core/Src/stm32h7xx_hal_msp.o
 .debug_abbrev  0x000000000000046f       0x73 ./Core/Src/stm32h7xx_it.o
 .debug_abbrev  0x00000000000004e2      0x14c ./Core/Src/system_stm32h7xx.o
 .debug_abbrev  0x000000000000062e       0x12 ./Core/Startup/startup_stm32h743zitx.o
 .debug_abbrev  0x0000000000000640      0x295 ./Drivers/STM32H7xx_HAL_Driver/Src/stm32h7xx_hal.o
 .debug_abbrev  0x00000000000008d5      0x339 ./Drivers/STM32H7xx_HAL_Driver/Src/stm32h7xx_hal_cortex.o
 .debug_abbrev  0x0000000000000c0e      0x1fe ./Drivers/STM32H7xx_HAL_Driver/Src/stm32h7xx_hal_gpio.o
 .debug_abbrev  0x0000000000000e0c      0x2a7 ./Drivers/STM32H7xx_HAL_Driver/Src/stm32h7xx_hal_pwr_ex.o
 .debug_abbrev  0x00000000000010b3      0x2c8 ./Drivers/STM32H7xx_HAL_Driver/Src/stm32h7xx_hal_rcc.o
 .debug_abbrev  0x000000000000137b      0x276 ./Drivers/STM32H7xx_HAL_Driver/Src/stm32h7xx_hal_tim.o
 .debug_abbrev  0x00000000000015f1      0x281 ./Drivers/STM32H7xx_HAL_Driver/Src/stm32h7xx_hal_tim_ex.o

.debug_aranges  0x0000000000000000      0xb90
 .debug_aranges
                0x0000000000000000       0x40 ./Core/Src/main.o
 .debug_aranges
                0x0000000000000040       0x38 ./Core/Src/stm32h7xx_hal_msp.o
 .debug_aranges
                0x0000000000000078       0x60 ./Core/Src/stm32h7xx_it.o
 .debug_aranges
                0x00000000000000d8       0x28 ./Core/Src/system_stm32h7xx.o
 .debug_aranges
                0x0000000000000100       0x28 ./Core/Startup/startup_stm32h743zitx.o
 .debug_aranges
                0x0000000000000128      0x198 ./Drivers/STM32H7xx_HAL_Driver/Src/stm32h7xx_hal.o
 .debug_aranges
                0x00000000000002c0      0x130 ./Drivers/STM32H7xx_HAL_Driver/Src/stm32h7xx_hal_cortex.o
 .debug_aranges
                0x00000000000003f0       0x58 ./Drivers/STM32H7xx_HAL_Driver/Src/stm32h7xx_hal_gpio.o
 .debug_aranges
                0x0000000000000448      0x158 ./Drivers/STM32H7xx_HAL_Driver/Src/stm32h7xx_hal_pwr_ex.o
 .debug_aranges
                0x00000000000005a0       0x88 ./Drivers/STM32H7xx_HAL_Driver/Src/stm32h7xx_hal_rcc.o
 .debug_aranges
                0x0000000000000628      0x3e0 ./Drivers/STM32H7xx_HAL_Driver/Src/stm32h7xx_hal_tim.o
 .debug_aranges
                0x0000000000000a08      0x188 ./Drivers/STM32H7xx_HAL_Driver/Src/stm32h7xx_hal_tim_ex.o

.debug_rnglists
                0x0000000000000000      0x8ec
 .debug_rnglists
                0x0000000000000000       0x2e ./Core/Src/main.o
 .debug_rnglists
                0x000000000000002e       0x25 ./Core/Src/stm32h7xx_hal_msp.o
 .debug_rnglists
                0x0000000000000053       0x43 ./Core/Src/stm32h7xx_it.o
 .debug_rnglists
                0x0000000000000096       0x1b ./Core/Src/system_stm32h7xx.o
 .debug_rnglists
                0x00000000000000b1       0x19 ./Core/Startup/startup_stm32h743zitx.o
 .debug_rnglists
                0x00000000000000ca      0x131 ./Drivers/STM32H7xx_HAL_Driver/Src/stm32h7xx_hal.o
 .debug_rnglists
                0x00000000000001fb       0xe0 ./Drivers/STM32H7xx_HAL_Driver/Src/stm32h7xx_hal_cortex.o
 .debug_rnglists
                0x00000000000002db       0x3f ./Drivers/STM32H7xx_HAL_Driver/Src/stm32h7xx_hal_gpio.o
 .debug_rnglists
                0x000000000000031a      0x103 ./Drivers/STM32H7xx_HAL_Driver/Src/stm32h7xx_hal_pwr_ex.o
 .debug_rnglists
                0x000000000000041d       0x68 ./Drivers/STM32H7xx_HAL_Driver/Src/stm32h7xx_hal_rcc.o
 .debug_rnglists
                0x0000000000000485      0x328 ./Drivers/STM32H7xx_HAL_Driver/Src/stm32h7xx_hal_tim.o
 .debug_rnglists
                0x00000000000007ad      0x13f ./Drivers/STM32H7xx_HAL_Driver/Src/stm32h7xx_hal_tim_ex.o

.debug_macro    0x0000000000000000    0x3584e
 .debug_macro   0x0000000000000000      0x2a2 ./Core/Src/main.o
 .debug_macro   0x00000000000002a2      0xac0 ./Core/Src/main.o
 .debug_macro   0x0000000000000d62      0x232 ./Core/Src/main.o
 .debug_macro   0x0000000000000f94       0x2e ./Core/Src/main.o
 .debug_macro   0x0000000000000fc2       0x3b ./Core/Src/main.o
 .debug_macro   0x0000000000000ffd       0x22 ./Core/Src/main.o
 .debug_macro   0x000000000000101f       0x8e ./Core/Src/main.o
 .debug_macro   0x00000000000010ad       0x51 ./Core/Src/main.o
 .debug_macro   0x00000000000010fe      0x103 ./Core/Src/main.o
 .debug_macro   0x0000000000001201       0x6a ./Core/Src/main.o
 .debug_macro   0x000000000000126b      0x1df ./Core/Src/main.o
 .debug_macro   0x000000000000144a       0x1c ./Core/Src/main.o
 .debug_macro   0x0000000000001466       0x22 ./Core/Src/main.o
 .debug_macro   0x0000000000001488       0xfb ./Core/Src/main.o
 .debug_macro   0x0000000000001583     0x1305 ./Core/Src/main.o
 .debug_macro   0x0000000000002888      0x11f ./Core/Src/main.o
 .debug_macro   0x00000000000029a7       0x27 ./Core/Src/main.o
 .debug_macro   0x00000000000029ce    0x258f9 ./Core/Src/main.o
 .debug_macro   0x00000000000282c7       0x6d ./Core/Src/main.o
 .debug_macro   0x0000000000028334     0x3d79 ./Core/Src/main.o
 .debug_macro   0x000000000002c0ad      0x174 ./Core/Src/main.o
 .debug_macro   0x000000000002c221       0x61 ./Core/Src/main.o
 .debug_macro   0x000000000002c282       0x29 ./Core/Src/main.o
 .debug_macro   0x000000000002c2ab       0x43 ./Core/Src/main.o
 .debug_macro   0x000000000002c2ee       0x34 ./Core/Src/main.o
 .debug_macro   0x000000000002c322       0x16 ./Core/Src/main.o
 .debug_macro   0x000000000002c338       0x43 ./Core/Src/main.o
 .debug_macro   0x000000000002c37b       0x34 ./Core/Src/main.o
 .debug_macro   0x000000000002c3af       0x10 ./Core/Src/main.o
 .debug_macro   0x000000000002c3bf       0x58 ./Core/Src/main.o
 .debug_macro   0x000000000002c417       0x8e ./Core/Src/main.o
 .debug_macro   0x000000000002c4a5       0x1c ./Core/Src/main.o
 .debug_macro   0x000000000002c4c1      0x177 ./Core/Src/main.o
 .debug_macro   0x000000000002c638      0x369 ./Core/Src/main.o
 .debug_macro   0x000000000002c9a1      0x19b ./Core/Src/main.o
 .debug_macro   0x000000000002cb3c       0x5d ./Core/Src/main.o
 .debug_macro   0x000000000002cb99     0x2382 ./Core/Src/main.o
 .debug_macro   0x000000000002ef1b     0x102c ./Core/Src/main.o
 .debug_macro   0x000000000002ff47      0x154 ./Core/Src/main.o
 .debug_macro   0x000000000003009b      0x114 ./Core/Src/main.o
 .debug_macro   0x00000000000301af      0x3b6 ./Core/Src/main.o
 .debug_macro   0x0000000000030565       0xac ./Core/Src/main.o
 .debug_macro   0x0000000000030611      0x72d ./Core/Src/main.o
 .debug_macro   0x0000000000030d3e      0x228 ./Core/Src/main.o
 .debug_macro   0x0000000000030f66       0x66 ./Core/Src/main.o
 .debug_macro   0x0000000000030fcc      0x3bb ./Core/Src/main.o
 .debug_macro   0x0000000000031387      0x3e4 ./Core/Src/main.o
 .debug_macro   0x000000000003176b      0x275 ./Core/Src/main.o
 .debug_macro   0x00000000000319e0      0x3ca ./Core/Src/main.o
 .debug_macro   0x0000000000031daa      0x408 ./Core/Src/main.o
 .debug_macro   0x00000000000321b2       0x51 ./Core/Src/main.o
 .debug_macro   0x0000000000032203       0x4a ./Core/Src/main.o
 .debug_macro   0x000000000003224d      0x22c ./Core/Src/main.o
 .debug_macro   0x0000000000032479       0x67 ./Core/Src/main.o
 .debug_macro   0x00000000000324e0       0xa5 ./Core/Src/main.o
 .debug_macro   0x0000000000032585      0x1c4 ./Core/Src/main.o
 .debug_macro   0x0000000000032749      0x25e ./Core/Src/main.o
 .debug_macro   0x00000000000329a7       0x35 ./Core/Src/main.o
 .debug_macro   0x00000000000329dc      0xafa ./Core/Src/main.o
 .debug_macro   0x00000000000334d6      0x29f ./Core/Src/main.o
 .debug_macro   0x0000000000033775      0x5a0 ./Core/Src/main.o
 .debug_macro   0x0000000000033d15       0xc4 ./Core/Src/main.o
 .debug_macro   0x0000000000033dd9      0x2a2 ./Core/Src/stm32h7xx_hal_msp.o
 .debug_macro   0x000000000003407b      0x2ac ./Core/Src/stm32h7xx_it.o
 .debug_macro   0x0000000000034327      0x293 ./Core/Src/system_stm32h7xx.o
 .debug_macro   0x00000000000345ba      0x2bd ./Drivers/STM32H7xx_HAL_Driver/Src/stm32h7xx_hal.o
 .debug_macro   0x0000000000034877      0x293 ./Drivers/STM32H7xx_HAL_Driver/Src/stm32h7xx_hal_cortex.o
 .debug_macro   0x0000000000034b0a      0x29a ./Drivers/STM32H7xx_HAL_Driver/Src/stm32h7xx_hal_gpio.o
 .debug_macro   0x0000000000034da4      0x2cc ./Drivers/STM32H7xx_HAL_Driver/Src/stm32h7xx_hal_pwr_ex.o
 .debug_macro   0x0000000000035070      0x2b7 ./Drivers/STM32H7xx_HAL_Driver/Src/stm32h7xx_hal_rcc.o
 .debug_macro   0x0000000000035327      0x294 ./Drivers/STM32H7xx_HAL_Driver/Src/stm32h7xx_hal_tim.o
 .debug_macro   0x00000000000355bb      0x293 ./Drivers/STM32H7xx_HAL_Driver/Src/stm32h7xx_hal_tim_ex.o

.debug_line     0x0000000000000000     0xcec7
 .debug_line    0x0000000000000000      0x9cb ./Core/Src/main.o
 .debug_line    0x00000000000009cb      0x8b1 ./Core/Src/stm32h7xx_hal_msp.o
 .debug_line    0x000000000000127c      0x90d ./Core/Src/stm32h7xx_it.o
 .debug_line    0x0000000000001b89      0x9fa ./Core/Src/system_stm32h7xx.o
 .debug_line    0x0000000000002583       0x7a ./Core/Startup/startup_stm32h743zitx.o
 .debug_line    0x00000000000025fd      0xdf5 ./Drivers/STM32H7xx_HAL_Driver/Src/stm32h7xx_hal.o
 .debug_line    0x00000000000033f2      0xe2c ./Drivers/STM32H7xx_HAL_Driver/Src/stm32h7xx_hal_cortex.o
 .debug_line    0x000000000000421e      0xcbb ./Drivers/STM32H7xx_HAL_Driver/Src/stm32h7xx_hal_gpio.o
 .debug_line    0x0000000000004ed9      0xf1e ./Drivers/STM32H7xx_HAL_Driver/Src/stm32h7xx_hal_pwr_ex.o
 .debug_line    0x0000000000005df7     0x13c8 ./Drivers/STM32H7xx_HAL_Driver/Src/stm32h7xx_hal_rcc.o
 .debug_line    0x00000000000071bf     0x3f6d ./Drivers/STM32H7xx_HAL_Driver/Src/stm32h7xx_hal_tim.o
 .debug_line    0x000000000000b12c     0x1d9b ./Drivers/STM32H7xx_HAL_Driver/Src/stm32h7xx_hal_tim_ex.o

.debug_str      0x0000000000000000   0x15a151
 .debug_str     0x0000000000000000   0x156c70 ./Core/Src/main.o
                                     0x15718a (size before relaxing)
 .debug_str     0x0000000000156c70       0x67 ./Core/Src/stm32h7xx_hal_msp.o
                                     0x156d15 (size before relaxing)
 .debug_str     0x0000000000156cd7       0xc9 ./Core/Src/stm32h7xx_it.o
                                     0x156455 (size before relaxing)
 .debug_str     0x0000000000156da0      0x344 ./Core/Src/system_stm32h7xx.o
                                     0x156640 (size before relaxing)
 .debug_str     0x00000000001570e4       0x34 ./Core/Startup/startup_stm32h743zitx.o
                                         0x7d (size before relaxing)
 .debug_str     0x0000000000157118      0xfca ./Drivers/STM32H7xx_HAL_Driver/Src/stm32h7xx_hal.o
                                     0x157556 (size before relaxing)
 .debug_str     0x00000000001580e2      0x390 ./Drivers/STM32H7xx_HAL_Driver/Src/stm32h7xx_hal_cortex.o
                                     0x156f91 (size before relaxing)
 .debug_str     0x0000000000158472      0x101 ./Drivers/STM32H7xx_HAL_Driver/Src/stm32h7xx_hal_gpio.o
                                     0x1565f7 (size before relaxing)
 .debug_str     0x0000000000158573      0x642 ./Drivers/STM32H7xx_HAL_Driver/Src/stm32h7xx_hal_pwr_ex.o
                                     0x156ab8 (size before relaxing)
 .debug_str     0x0000000000158bb5      0x22e ./Drivers/STM32H7xx_HAL_Driver/Src/stm32h7xx_hal_rcc.o
                                     0x1569db (size before relaxing)
 .debug_str     0x0000000000158de3      0xdde ./Drivers/STM32H7xx_HAL_Driver/Src/stm32h7xx_hal_tim.o
                                     0x15777a (size before relaxing)
 .debug_str     0x0000000000159bc1      0x590 ./Drivers/STM32H7xx_HAL_Driver/Src/stm32h7xx_hal_tim_ex.o
                                     0x1570a2 (size before relaxing)

.debug_frame    0x0000000000000000     0x3054
 .debug_frame   0x0000000000000000       0xb0 ./Core/Src/main.o
 .debug_frame   0x00000000000000b0       0xac ./Core/Src/stm32h7xx_hal_msp.o
 .debug_frame   0x000000000000015c      0x104 ./Core/Src/stm32h7xx_it.o
 .debug_frame   0x0000000000000260       0x58 ./Core/Src/system_stm32h7xx.o
 .debug_frame   0x00000000000002b8      0x690 ./Drivers/STM32H7xx_HAL_Driver/Src/stm32h7xx_hal.o
 .debug_frame   0x0000000000000948      0x508 ./Drivers/STM32H7xx_HAL_Driver/Src/stm32h7xx_hal_cortex.o
 .debug_frame   0x0000000000000e50      0x14c ./Drivers/STM32H7xx_HAL_Driver/Src/stm32h7xx_hal_gpio.o
 .debug_frame   0x0000000000000f9c      0x580 ./Drivers/STM32H7xx_HAL_Driver/Src/stm32h7xx_hal_pwr_ex.o
 .debug_frame   0x000000000000151c      0x1f8 ./Drivers/STM32H7xx_HAL_Driver/Src/stm32h7xx_hal_rcc.o
 .debug_frame   0x0000000000001714     0x121c ./Drivers/STM32H7xx_HAL_Driver/Src/stm32h7xx_hal_tim.o
 .debug_frame   0x0000000000002930      0x6d8 ./Drivers/STM32H7xx_HAL_Driver/Src/stm32h7xx_hal_tim_ex.o
 .debug_frame   0x0000000000003008       0x20 /Applications/STM32CubeIDE.app/Contents/Eclipse/plugins/com.st.stm32cube.ide.mcu.externaltools.gnu-tools-for-stm32.11.3.rel1.macos64_1.1.100.202310310803/tools/bin/../lib/gcc/arm-none-eabi/11.3.1/../../../../arm-none-eabi/lib/thumb/v7e-m+dp/hard/libc_nano.a(libc_a-memset.o)
 .debug_frame   0x0000000000003028       0x2c /Applications/STM32CubeIDE.app/Contents/Eclipse/plugins/com.st.stm32cube.ide.mcu.externaltools.gnu-tools-for-stm32.11.3.rel1.macos64_1.1.100.202310310803/tools/bin/../lib/gcc/arm-none-eabi/11.3.1/../../../../arm-none-eabi/lib/thumb/v7e-m+dp/hard/libc_nano.a(libc_a-init.o)

.debug_line_str
                0x0000000000000000       0x71
 .debug_line_str
                0x0000000000000000       0x71 ./Core/Startup/startup_stm32h743zitx.o
                                         0x89 (size before relaxing)
